 <char>
<id, c>
 <=>
Line: 1 Single Quote didn't match.
 <for>
 <(>
 <integer>
<id, i>
 <=>
<NUM, 0>
 <;>
<id, i>
 <<>
<INT, 10>
 <;>
<id, i>
 <=>
<id, i>
 <+>
<INT, 1>
 <)>
 <{>
 <write>
 <(>
<id, c>
 <%>
<INT, 1>
 <)>
 <;>
 <}>
