 <char>
<id, c>
 <=>
 <'A'>
 <;>
 <for>
 <(>
 <integer>
<id, i>
 <=>
<NUM, 0>
 <;>
<id, i>
 <<>
<INT, 10>
 <;>
<id, i>
 <=>
<id, i>
 <+>
<INT, 1>
 <)>
 <{>
 <write>
 <(>
<id, c>
 <)>
 <;>
 <}>
